
> app@0.0.0 build
> tsc -b && vite build

[36mvite v8.0.16 [32mbuilding client environment for production...[36m[39m
[2Ktransforming...✓ 1941 modules transformed.
rendering chunks...
computing gzip size...
dist/index.html                     1.11 kB │ gzip:   0.58 kB
dist/assets/index-DK5ozfGq.css     11.48 kB │ gzip:   3.21 kB
dist/assets/index-DOGeAaJX.js   2,869.00 kB │ gzip: 667.54 kB

[33m[33m[INEFFECTIVE_DYNAMIC_IMPORT] [0msrc/data/studioStore.ts is dynamically imported by src/data/eventTypeStore.ts but also statically imported by src/components/AIChat.tsx, src/components/layout/OrgSwitcher.tsx, src/data/aiClient.ts, src/data/authStore.ts, src/data/clientStore.ts, ..., dynamic import will not move module into another chunk.
[39m
[33m[plugin builtin:vite-reporter] 
(!) Some chunks are larger than 500 kB after minification. Consider:
- Using dynamic import() to code-split the application
- Use build.rolldownOptions.output.codeSplitting to improve chunking: https://rolldown.rs/reference/OutputOptions.codeSplitting
- Adjust chunk size limit for this warning via build.chunkSizeWarningLimit.[39m
[33m[33m[INEFFECTIVE_DYNAMIC_IMPORT] [0msrc/data/eventTypeStore.ts is dynamically imported by src/data/studioStore.ts but also statically imported by src/components/calendar/EventTypeFilterList.tsx, src/screens/CalendrierGlobal.tsx, src/screens/Dashboard.tsx, src/screens/ProjetCalendrier.tsx, dynamic import will not move module into another chunk.
[39m
[32m✓ built in 707ms[39m
